// Jest Snapshot v1, https://goo.gl/fbAQLP

exports[`AboutDeveloperCard component renders an about developer card 1`] = `
<div
  className="AboutDeveloperCard"
>
  <div>
    <h2>
      developer
    </h2>
    <img
      alt="developer"
      src="developer.jpg"
    />
  </div>
  <div>
    <p>
      I am a developer
    </p>
  </div>
</div>
`;
