// Jest Snapshot v1, https://goo.gl/fbAQLP

exports[`CurrentStory component renders a current story 1`] = `
<section>
  <div>
    <h2>
      current story
    </h2>
    <button
      onClick={[Function]}
    >
      Edit
    </button>
  </div>
  <div>
    <p>
      this is the current story
    </p>
  </div>
</section>
`;
