// Jest Snapshot v1, https://goo.gl/fbAQLP

exports[`CurrentStory component renders a current story 1`] = `
<section
  className="CurrentStory"
>
  <div
    className="CurrentStoryContainer"
  >
    <h3>
      Current Story:
    </h3>
    <h2>
      current story
    </h2>
    <DefaultViewModalEdit
      hideModal={[Function]}
      show={false}
    />
    <button
      className="CurrentStoryButton"
      onClick={[Function]}
      type="button"
    >
      Edit Story
    </button>
  </div>
  <div
    className="SynopsisContainer"
  >
    <p>
      this is the current story
    </p>
  </div>
</section>
`;
